22:17:54.462 [main] INFO  testCases.TC001_AccountRegistrationTest.verify_Account_Registration(TC001_AccountRegistrationTest.java:30)oggger -  Clicking on My Account
22:17:58.781 [main] INFO  testCases.TC001_AccountRegistrationTest.verify_Account_Registration(TC001_AccountRegistrationTest.java:37)oggger -  Entering Details on register page 
22:18:02.764 [main] INFO  testCases.TC001_AccountRegistrationTest.verify_Account_Registration(TC001_AccountRegistrationTest.java:53)oggger -  Verify the message 
22:18:02.764 [main] INFO  testCases.TC001_AccountRegistrationTest.verify_Account_Registration(TC001_AccountRegistrationTest.java:71)oggger -  Finishing of TC001_AccountRegistrationTest 
22:56:09.028 [main] INFO  testCases.TC002_LoginTest.verify_loginTest(TC002_LoginTest.java:17)oggger -  ** Starting Login Test ** 
22:56:11.560 [main] INFO  testCases.TC002_LoginTest.verify_loginTest(TC002_LoginTest.java:39)oggger -  ** Finish Login Test ** 
22:56:27.531 [main] INFO  testCases.TC001_AccountRegistrationTest.verify_Account_Registration(TC001_AccountRegistrationTest.java:25)oggger -  Staring of TC001_AccountRegistrationTest 
22:56:27.531 [main] INFO  testCases.TC001_AccountRegistrationTest.verify_Account_Registration(TC001_AccountRegistrationTest.java:30)oggger -  Clicking on My Account
22:56:31.529 [main] INFO  testCases.TC001_AccountRegistrationTest.verify_Account_Registration(TC001_AccountRegistrationTest.java:37)oggger -  Entering Details on register page 
22:56:34.798 [main] INFO  testCases.TC001_AccountRegistrationTest.verify_Account_Registration(TC001_AccountRegistrationTest.java:53)oggger -  Verify the message 
22:56:34.798 [main] INFO  testCases.TC001_AccountRegistrationTest.verify_Account_Registration(TC001_AccountRegistrationTest.java:71)oggger -  Finishing of TC001_AccountRegistrationTest 
22:59:03.948 [main] INFO  testCases.TC002_LoginTest.verify_loginTest(TC002_LoginTest.java:17)oggger -  ** Starting Login Test ** 
22:59:06.307 [main] INFO  testCases.TC002_LoginTest.verify_loginTest(TC002_LoginTest.java:39)oggger -  ** Finish Login Test ** 
23:03:58.494 [main] INFO  testCases.TC002_LoginTest.verify_loginTest(TC002_LoginTest.java:17)oggger -  ** Starting Login Test ** 
23:04:01.390 [main] INFO  testCases.TC002_LoginTest.verify_loginTest(TC002_LoginTest.java:39)oggger -  ** Finish Login Test ** 
23:12:04.006 [main] INFO  testCases.TC002_LoginTest.verify_loginTest(TC002_LoginTest.java:17)oggger -  ** Starting Login Test ** 
23:12:06.877 [main] INFO  testCases.TC002_LoginTest.verify_loginTest(TC002_LoginTest.java:39)oggger -  ** Finish Login Test ** 
23:17:12.685 [main] INFO  testCases.TC002_LoginTest.verify_loginTest(TC002_LoginTest.java:17)oggger -  ** Starting Login Test ** 
23:17:15.133 [main] INFO  testCases.TC002_LoginTest.verify_loginTest(TC002_LoginTest.java:39)oggger -  ** Finish Login Test ** 
08:17:36.467 [main] INFO  testCases.TC002_LoginTest.verify_loginTest(TC002_LoginTest.java:17)oggger -  ** Starting Login Test ** 
08:17:40.986 [main] INFO  testCases.TC002_LoginTest.verify_loginTest(TC002_LoginTest.java:39)oggger -  ** Finish Login Test ** 
08:17:53.258 [main] INFO  testCases.TC001_AccountRegistrationTest.verify_Account_Registration(TC001_AccountRegistrationTest.java:25)oggger -  Staring of TC001_AccountRegistrationTest 
08:17:53.258 [main] INFO  testCases.TC001_AccountRegistrationTest.verify_Account_Registration(TC001_AccountRegistrationTest.java:30)oggger -  Clicking on My Account
08:18:12.308 [main] INFO  testCases.TC001_AccountRegistrationTest.verify_Account_Registration(TC001_AccountRegistrationTest.java:37)oggger -  Entering Details on register page 
08:18:27.079 [main] INFO  testCases.TC001_AccountRegistrationTest.verify_Account_Registration(TC001_AccountRegistrationTest.java:53)oggger -  Verify the message 
08:18:27.079 [main] INFO  testCases.TC001_AccountRegistrationTest.verify_Account_Registration(TC001_AccountRegistrationTest.java:71)oggger -  Finishing of TC001_AccountRegistrationTest 
08:48:33.425 [main] INFO  testCases.TC002_LoginTest.verify_loginTest(TC002_LoginTest.java:17)oggger -  ** Starting Login Test ** 
08:48:34.950 [main] INFO  testCases.TC002_LoginTest.verify_loginTest(TC002_LoginTest.java:39)oggger -  ** Finish Login Test ** 
08:48:42.148 [main] INFO  testCases.TC001_AccountRegistrationTest.verify_Account_Registration(TC001_AccountRegistrationTest.java:25)oggger -  Staring of TC001_AccountRegistrationTest 
08:48:42.149 [main] INFO  testCases.TC001_AccountRegistrationTest.verify_Account_Registration(TC001_AccountRegistrationTest.java:30)oggger -  Clicking on My Account
08:48:45.900 [main] INFO  testCases.TC001_AccountRegistrationTest.verify_Account_Registration(TC001_AccountRegistrationTest.java:37)oggger -  Entering Details on register page 
08:48:47.484 [main] INFO  testCases.TC001_AccountRegistrationTest.verify_Account_Registration(TC001_AccountRegistrationTest.java:53)oggger -  Verify the message 
08:48:47.484 [main] INFO  testCases.TC001_AccountRegistrationTest.verify_Account_Registration(TC001_AccountRegistrationTest.java:71)oggger -  Finishing of TC001_AccountRegistrationTest 
