15:27:35.062 [main] INFO  testCases.TC001_AccountRegistrationTest.verify_Account_Registration(TC001_AccountRegistrationTest.java:37)oggger -  Entering Details on register page 
15:27:37.870 [main] INFO  testCases.TC001_AccountRegistrationTest.verify_Account_Registration(TC001_AccountRegistrationTest.java:53)oggger -  Verify the message 
15:27:37.872 [main] INFO  testCases.TC001_AccountRegistrationTest.verify_Account_Registration(TC001_AccountRegistrationTest.java:71)oggger -  Finishing of TC001_AccountRegistrationTest 
15:30:31.851 [main] INFO  testCases.TC002_LoginTest.verify_loginTest(TC002_LoginTest.java:17)oggger -  ** Starting Login Test ** 
15:30:35.310 [main] INFO  testCases.TC002_LoginTest.verify_loginTest(TC002_LoginTest.java:39)oggger -  ** Finish Login Test ** 
15:34:01.243 [main] INFO  testCases.TC001_AccountRegistrationTest.verify_Account_Registration(TC001_AccountRegistrationTest.java:25)oggger -  Staring of TC001_AccountRegistrationTest 
15:34:01.306 [main] INFO  testCases.TC001_AccountRegistrationTest.verify_Account_Registration(TC001_AccountRegistrationTest.java:30)oggger -  Clicking on My Account
15:34:05.723 [main] INFO  testCases.TC001_AccountRegistrationTest.verify_Account_Registration(TC001_AccountRegistrationTest.java:37)oggger -  Entering Details on register page 
15:34:09.132 [main] INFO  testCases.TC001_AccountRegistrationTest.verify_Account_Registration(TC001_AccountRegistrationTest.java:53)oggger -  Verify the message 
15:34:09.132 [main] INFO  testCases.TC001_AccountRegistrationTest.verify_Account_Registration(TC001_AccountRegistrationTest.java:71)oggger -  Finishing of TC001_AccountRegistrationTest 
15:34:18.077 [main] INFO  testCases.TC002_LoginTest.verify_loginTest(TC002_LoginTest.java:17)oggger -  ** Starting Login Test ** 
15:34:21.394 [main] INFO  testCases.TC002_LoginTest.verify_loginTest(TC002_LoginTest.java:39)oggger -  ** Finish Login Test ** 
15:41:01.740 [main] INFO  testCases.TC001_AccountRegistrationTest.verify_Account_Registration(TC001_AccountRegistrationTest.java:25)oggger -  Staring of TC001_AccountRegistrationTest 
15:41:01.808 [main] INFO  testCases.TC001_AccountRegistrationTest.verify_Account_Registration(TC001_AccountRegistrationTest.java:30)oggger -  Clicking on My Account
15:41:06.288 [main] INFO  testCases.TC001_AccountRegistrationTest.verify_Account_Registration(TC001_AccountRegistrationTest.java:37)oggger -  Entering Details on register page 
15:41:09.416 [main] INFO  testCases.TC001_AccountRegistrationTest.verify_Account_Registration(TC001_AccountRegistrationTest.java:53)oggger -  Verify the message 
15:41:09.416 [main] INFO  testCases.TC001_AccountRegistrationTest.verify_Account_Registration(TC001_AccountRegistrationTest.java:71)oggger -  Finishing of TC001_AccountRegistrationTest 
15:41:17.428 [main] INFO  testCases.TC002_LoginTest.verify_loginTest(TC002_LoginTest.java:17)oggger -  ** Starting Login Test ** 
15:41:20.835 [main] INFO  testCases.TC002_LoginTest.verify_loginTest(TC002_LoginTest.java:39)oggger -  ** Finish Login Test ** 
15:43:03.323 [main] INFO  testCases.TC001_AccountRegistrationTest.verify_Account_Registration(TC001_AccountRegistrationTest.java:25)oggger -  Staring of TC001_AccountRegistrationTest 
15:43:03.387 [main] INFO  testCases.TC001_AccountRegistrationTest.verify_Account_Registration(TC001_AccountRegistrationTest.java:30)oggger -  Clicking on My Account
15:43:07.633 [main] INFO  testCases.TC001_AccountRegistrationTest.verify_Account_Registration(TC001_AccountRegistrationTest.java:37)oggger -  Entering Details on register page 
15:43:11.083 [main] INFO  testCases.TC001_AccountRegistrationTest.verify_Account_Registration(TC001_AccountRegistrationTest.java:53)oggger -  Verify the message 
15:43:11.083 [main] INFO  testCases.TC001_AccountRegistrationTest.verify_Account_Registration(TC001_AccountRegistrationTest.java:71)oggger -  Finishing of TC001_AccountRegistrationTest 
15:43:19.159 [main] INFO  testCases.TC002_LoginTest.verify_loginTest(TC002_LoginTest.java:17)oggger -  ** Starting Login Test ** 
15:43:22.714 [main] INFO  testCases.TC002_LoginTest.verify_loginTest(TC002_LoginTest.java:39)oggger -  ** Finish Login Test ** 
15:45:03.723 [main] INFO  testCases.TC001_AccountRegistrationTest.verify_Account_Registration(TC001_AccountRegistrationTest.java:25)oggger -  Staring of TC001_AccountRegistrationTest 
15:45:03.794 [main] INFO  testCases.TC001_AccountRegistrationTest.verify_Account_Registration(TC001_AccountRegistrationTest.java:30)oggger -  Clicking on My Account
15:45:08.021 [main] INFO  testCases.TC001_AccountRegistrationTest.verify_Account_Registration(TC001_AccountRegistrationTest.java:37)oggger -  Entering Details on register page 
15:45:11.541 [main] INFO  testCases.TC001_AccountRegistrationTest.verify_Account_Registration(TC001_AccountRegistrationTest.java:53)oggger -  Verify the message 
15:45:11.541 [main] INFO  testCases.TC001_AccountRegistrationTest.verify_Account_Registration(TC001_AccountRegistrationTest.java:71)oggger -  Finishing of TC001_AccountRegistrationTest 
